// Jest Snapshot v1, https://goo.gl/fbAQLP

exports[`Should renders HomeScreen correctly 1`] = `
<View
  style={
    Array [
      Object {
        "alignItems": "center",
        "flexBasis": 0,
        "flexGrow": 1,
        "flexShrink": 1,
        "justifyContent": "center",
      },
    ]
  }
>
  <Text
    style={
      Array [
        Object {
          "fontSize": 20,
          "fontWeight": "bold",
        },
      ]
    }
  >
    Home Screen
  </Text>
</View>
`;
